Microsoft Windows [Version 10.0.19043.1526]
(c) Microsoft Corporation. All rights reserved.

D:\AltUsers\lydia\repos\GitHub\freesewing>yarn kickstart
'yarn' is not recognized as an internal or external command,
operable program or batch file.

D:\AltUsers\lydia\repos\GitHub\freesewing>help path
Displays or sets a search path for executable files.

PATH [[drive:]path[;...][;%PATH%]
PATH ;

Type PATH ; to clear all search-path settings and direct cmd.exe to search
only in the current directory.
Type PATH without parameters to display the current path.
Including %PATH% in the new path setting causes the old path to be
appended to the new setting.

D:\AltUsers\lydia\repos\GitHub\freesewing>PATH
PATH=C:\WINDOWS\system32;C:\WINDOWS;C:\WINDOWS\System32\Wbem;C:\WINDOWS\System32\WindowsPowerShell\v1.0\;C:\WINDOWS\System32\OpenSSH\;C:\Program Files (x86)\Calibre2\;C:\Program Files\TortoiseSVN\bin;D:\ProgramsHDD\nvm;C:\Program Files\nodejs;C:\Program Files\nodejs\node_modules\yarn\bin\;C:\Users\lydia\AppData\Local\Microsoft\WindowsApps;C:\Users\lydia\AppData\Local\Programs\Git\cmd;C:\Users\lydia\AppData\Local\GitHubDesktop\bin

D:\AltUsers\lydia\repos\GitHub\freesewing>npm i -g corepack
C:\Program Files\nodejs\yarn -> C:\Program Files\nodejs\node_modules\corepack\dist\yarn.js
C:\Program Files\nodejs\pnpx -> C:\Program Files\nodejs\node_modules\corepack\dist\pnpx.js
C:\Program Files\nodejs\pnpm -> C:\Program Files\nodejs\node_modules\corepack\dist\pnpm.js
C:\Program Files\nodejs\yarnpkg -> C:\Program Files\nodejs\node_modules\corepack\dist\yarnpkg.js
C:\Program Files\nodejs\corepack -> C:\Program Files\nodejs\node_modules\corepack\dist\corepack.js
+ corepack@0.10.0
added 1 package in 0.652s

D:\AltUsers\lydia\repos\GitHub\freesewing>yarn kickstart
yarn run v1.22.15
$ npx lerna bootstrap && yarn buildall
npx: installed 676 in 64.069s
lerna notice cli v4.0.0
lerna notice filter excluding "component-*"
lerna info filter [ '!component-*' ]
lerna info bootstrap root only
warning package-lock.json found. Your project contains lock files generated by tools other than Yarn. It is advised not to mix package managers in order to avoid resolution inconsistencies caused by unsynchronized lock files. To clear this warning, remove package-lock.json.
[1/4] Resolving packages...
[2/4] Fetching packages...
info fsevents@2.3.2: The platform "win32" is incompatible with this module.
info "fsevents@2.3.2" is an optional dependency and failed compatibility check. Excluding it from installation.
info @netlify/local-functions-proxy-darwin-arm64@1.1.1: The platform "win32" is incompatible with this module.
info "@netlify/local-functions-proxy-darwin-arm64@1.1.1" is an optional dependency and failed compatibility check. Excluding it from installation.
info @netlify/local-functions-proxy-darwin-arm64@1.1.1: The CPU architecture "x64" is incompatible with this module.
info @netlify/local-functions-proxy-darwin-x64@1.1.1: The platform "win32" is incompatible with this module.
info "@netlify/local-functions-proxy-darwin-x64@1.1.1" is an optional dependency and failed compatibility check. Excluding it from installation.
info @netlify/local-functions-proxy-freebsd-arm64@1.1.1: The platform "win32" is incompatible with this module.
info "@netlify/local-functions-proxy-freebsd-arm64@1.1.1" is an optional dependency and failed compatibility check. Excluding it from installation.
info @netlify/local-functions-proxy-freebsd-arm64@1.1.1: The CPU architecture "x64" is incompatible with this module.
info @netlify/local-functions-proxy-freebsd-x64@1.1.1: The platform "win32" is incompatible with this module.
info "@netlify/local-functions-proxy-freebsd-x64@1.1.1" is an optional dependency and failed compatibility check. Excluding it from installation.
info @netlify/local-functions-proxy-linux-arm@1.1.1: The platform "win32" is incompatible with this module.
info "@netlify/local-functions-proxy-linux-arm@1.1.1" is an optional dependency and failed compatibility check. Excluding it from installation.
info @netlify/local-functions-proxy-linux-arm@1.1.1: The CPU architecture "x64" is incompatible with this module.
info @netlify/local-functions-proxy-linux-arm64@1.1.1: The platform "win32" is incompatible with this module.
info "@netlify/local-functions-proxy-linux-arm64@1.1.1" is an optional dependency and failed compatibility check. Excluding it from installation.
info @netlify/local-functions-proxy-linux-arm64@1.1.1: The CPU architecture "x64" is incompatible with this module.
info @netlify/local-functions-proxy-linux-ia32@1.1.1: The platform "win32" is incompatible with this module.
info "@netlify/local-functions-proxy-linux-ia32@1.1.1" is an optional dependency and failed compatibility check. Excluding it from installation.
info @netlify/local-functions-proxy-linux-ia32@1.1.1: The CPU architecture "x64" is incompatible with this module.
info @netlify/local-functions-proxy-linux-ppc64@1.1.1: The platform "win32" is incompatible with this module.
info "@netlify/local-functions-proxy-linux-ppc64@1.1.1" is an optional dependency and failed compatibility check. Excluding it from installation.
info @netlify/local-functions-proxy-linux-ppc64@1.1.1: The CPU architecture "x64" is incompatible with this module.
info @netlify/local-functions-proxy-linux-x64@1.1.1: The platform "win32" is incompatible with this module.
info "@netlify/local-functions-proxy-linux-x64@1.1.1" is an optional dependency and failed compatibility check. Excluding it from installation.
info @netlify/local-functions-proxy-openbsd-x64@1.1.1: The platform "win32" is incompatible with this module.
info "@netlify/local-functions-proxy-openbsd-x64@1.1.1" is an optional dependency and failed compatibility check. Excluding it from installation.
info @netlify/local-functions-proxy-win32-ia32@1.1.1: The CPU architecture "x64" is incompatible with this module.
info "@netlify/local-functions-proxy-win32-ia32@1.1.1" is an optional dependency and failed compatibility check. Excluding it from installation.
info @netlify/routing-local-proxy-darwin-arm64@0.34.1: The platform "win32" is incompatible with this module.
info "@netlify/routing-local-proxy-darwin-arm64@0.34.1" is an optional dependency and failed compatibility check. Excluding it from installation.
info @netlify/routing-local-proxy-darwin-arm64@0.34.1: The CPU architecture "x64" is incompatible with this module.
info @netlify/routing-local-proxy-darwin-x64@0.34.1: The platform "win32" is incompatible with this module.
info "@netlify/routing-local-proxy-darwin-x64@0.34.1" is an optional dependency and failed compatibility check. Excluding it from installation.
info @netlify/routing-local-proxy-linux-x64@0.34.1: The platform "win32" is incompatible with this module.
info "@netlify/routing-local-proxy-linux-x64@0.34.1" is an optional dependency and failed compatibility check. Excluding it from installation.
info fsevents@1.2.13: The platform "win32" is incompatible with this module.
info "fsevents@1.2.13" is an optional dependency and failed compatibility check. Excluding it from installation.
info @next/swc-android-arm64@12.1.0: The platform "win32" is incompatible with this module.
info "@next/swc-android-arm64@12.1.0" is an optional dependency and failed compatibility check. Excluding it from installation.
info @next/swc-android-arm64@12.1.0: The CPU architecture "x64" is incompatible with this module.
info @next/swc-darwin-arm64@12.1.0: The platform "win32" is incompatible with this module.
info "@next/swc-darwin-arm64@12.1.0" is an optional dependency and failed compatibility check. Excluding it from installation.
info @next/swc-darwin-arm64@12.1.0: The CPU architecture "x64" is incompatible with this module.
info @next/swc-darwin-x64@12.1.0: The platform "win32" is incompatible with this module.
info "@next/swc-darwin-x64@12.1.0" is an optional dependency and failed compatibility check. Excluding it from installation.
info @next/swc-linux-arm-gnueabihf@12.1.0: The platform "win32" is incompatible with this module.
info "@next/swc-linux-arm-gnueabihf@12.1.0" is an optional dependency and failed compatibility check. Excluding it from installation.
info @next/swc-linux-arm-gnueabihf@12.1.0: The CPU architecture "x64" is incompatible with this module.
info @next/swc-linux-arm64-gnu@12.1.0: The platform "win32" is incompatible with this module.
info "@next/swc-linux-arm64-gnu@12.1.0" is an optional dependency and failed compatibility check. Excluding it from installation.
info @next/swc-linux-arm64-gnu@12.1.0: The CPU architecture "x64" is incompatible with this module.
info @next/swc-linux-arm64-musl@12.1.0: The platform "win32" is incompatible with this module.
info "@next/swc-linux-arm64-musl@12.1.0" is an optional dependency and failed compatibility check. Excluding it from installation.
info @next/swc-linux-arm64-musl@12.1.0: The CPU architecture "x64" is incompatible with this module.
info @next/swc-linux-x64-gnu@12.1.0: The platform "win32" is incompatible with this module.
info "@next/swc-linux-x64-gnu@12.1.0" is an optional dependency and failed compatibility check. Excluding it from installation.
info @next/swc-linux-x64-musl@12.1.0: The platform "win32" is incompatible with this module.
info "@next/swc-linux-x64-musl@12.1.0" is an optional dependency and failed compatibility check. Excluding it from installation.
info @next/swc-win32-arm64-msvc@12.1.0: The CPU architecture "x64" is incompatible with this module.
info "@next/swc-win32-arm64-msvc@12.1.0" is an optional dependency and failed compatibility check. Excluding it from installation.
info @next/swc-win32-ia32-msvc@12.1.0: The CPU architecture "x64" is incompatible with this module.
info "@next/swc-win32-ia32-msvc@12.1.0" is an optional dependency and failed compatibility check. Excluding it from installation.
[3/4] Linking dependencies...
warning " > @freesewing/components@2.20.7" has unmet peer dependency "@fontsource/permanent-marker@latest".
warning " > @freesewing/components@2.20.7" has unmet peer dependency "@fontsource/roboto-mono@latest".
warning " > @freesewing/components@2.20.7" has unmet peer dependency "@fontsource/ubuntu@latest".
warning "workspace-aggregator-e8ef13a0-44c8-429e-b6e8-efada765084b > @freesewing/backend > remark-plain-text@0.2.0" has incorrect peer dependency "remark@^9.0.0".
warning "workspace-aggregator-e8ef13a0-44c8-429e-b6e8-efada765084b > freesewing.dev > eslint-config-next@12.1.0" has unmet peer dependency "eslint@^7.23.0 || ^8.0.0".
warning "workspace-aggregator-e8ef13a0-44c8-429e-b6e8-efada765084b > freesewing.dev > eslint-config-next@12.1.0" has unmet peer dependency "next@>=10.2.0".
warning "workspace-aggregator-e8ef13a0-44c8-429e-b6e8-efada765084b > freesewing.lab > next-i18next@10.4.0" has unmet peer dependency "next@>= 10.0.0".
warning "workspace-aggregator-e8ef13a0-44c8-429e-b6e8-efada765084b > freesewing.dev > eslint-config-next > eslint-import-resolver-typescript@2.5.0" has unmet peer dependency "eslint@*".
warning "workspace-aggregator-e8ef13a0-44c8-429e-b6e8-efada765084b > @freesewing/strapi > strapi-admin > bootstrap@4.6.1" has unmet peer dependency "jquery@1.9.1 - 3".
warning "workspace-aggregator-e8ef13a0-44c8-429e-b6e8-efada765084b > @freesewing/strapi > strapi-admin > bootstrap@4.6.1" has unmet peer dependency "popper.js@^1.16.1".
warning "workspace-aggregator-e8ef13a0-44c8-429e-b6e8-efada765084b > @freesewing/strapi > strapi-plugin-users-permissions > grant-koa@5.4.8" has unmet peer dependency "koa@>=2.0.0".
warning Workspaces can only be enabled in private projects.
[4/4] Building fresh packages...
success Saved lockfile.
$ lerna run cibuild_step1 && lerna run cibuild_step2
lerna notice cli v4.0.0
lerna info Executing command in 80 packages: "yarn run cibuild_step1"
lerna info run Ran npm script 'cibuild_step1' in '@freesewing/mui-theme' in 2.1s:
$ rollup -c
lerna info run Ran npm script 'cibuild_step1' in '@freesewing/models' in 2.2s:
$ rollup -c
lerna info run Ran npm script 'cibuild_step1' in '@freesewing/plugin-banner' in 2.2s:
$ rollup -c
lerna info run Ran npm script 'cibuild_step1' in '@freesewing/plugin-bartack' in 2.3s:
$ rollup -c
lerna info run Ran npm script 'cibuild_step1' in '@freesewing/plugin-bust' in 1.7s:
$ rollup -c
lerna info run Ran npm script 'cibuild_step1' in '@freesewing/plugin-cutonfold' in 1.6s:
$ rollup -c
lerna info run Ran npm script 'cibuild_step1' in '@freesewing/plugin-buttons' in 1.8s:
$ rollup -c
lerna info run Ran npm script 'cibuild_step1' in '@freesewing/plugin-dimension' in 1.7s:
$ rollup -c
lerna info run Ran npm script 'cibuild_step1' in '@freesewing/css-theme' in 4.1s:
$ npx node-sass --output-style compressed src/theme.scss dist/theme.css
Rendering Complete, saving .css file...
Wrote CSS to D:\AltUsers\lydia\repos\GitHub\freesewing\packages\css-theme\dist\theme.css
lerna info run Ran npm script 'cibuild_step1' in '@freesewing/plugin-grainline' in 1.7s:
$ rollup -c
lerna info run Ran npm script 'cibuild_step1' in '@freesewing/plugin-flip' in 1.8s:
$ rollup -c
lerna info run Ran npm script 'cibuild_step1' in '@freesewing/plugin-i18n' in 1.7s:
$ rollup -c
lerna info run Ran npm script 'cibuild_step1' in '@freesewing/plugin-export-dxf' in 2.0s:
$ rollup -c
lerna info run Ran npm script 'cibuild_step1' in '@freesewing/plugin-gore' in 1.9s:
$ rollup -c
lerna info run Ran npm script 'cibuild_step1' in '@freesewing/plugin-measurements' in 1.9s:
$ rollup -c
lerna info run Ran npm script 'cibuild_step1' in '@freesewing/plugin-round' in 1.9s:
$ rollup -c
lerna info run Ran npm script 'cibuild_step1' in '@freesewing/plugin-notches' in 2.0s:
$ rollup -c
lerna info run Ran npm script 'cibuild_step1' in '@freesewing/plugin-logo' in 2.1s:
$ rollup -c
lerna info run Ran npm script 'cibuild_step1' in '@freesewing/plugin-mirror' in 2.0s:
$ rollup -c
lerna info run Ran npm script 'cibuild_step1' in '@freesewing/plugin-sprinkle' in 2.3s:
$ rollup -c
lerna info run Ran npm script 'cibuild_step1' in '@freesewing/plugin-title' in 2.3s:
$ rollup -c
lerna info run Ran npm script 'cibuild_step1' in '@freesewing/plugin-svgattr' in 2.3s:
$ rollup -c
lerna info run Ran npm script 'cibuild_step1' in '@freesewing/plugin-theme' in 2.5s:
$ rollup -c
lerna info run Ran npm script 'cibuild_step1' in '@freesewing/plugin-scalebox' in 2.8s:
$ rollup -c
lerna info run Ran npm script 'cibuild_step1' in '@freesewing/core' in 11.9s:
$ rollup -c
lerna info run Ran npm script 'cibuild_step1' in '@freesewing/snapseries' in 1.9s:
$ rollup -c
lerna info run Ran npm script 'cibuild_step1' in '@freesewing/plugin-validate' in 2.5s:
$ rollup -c
lerna info run Ran npm script 'cibuild_step1' in '@freesewing/plugin-versionfree-svg' in 2.4s:
$ rollup -c
lerna info run Ran npm script 'cibuild_step1' in 'remark-jargon' in 3.4s:
$ rollup -c
lerna info run Ran npm script 'cibuild_step1' in '@freesewing/i18n' in 14.0s:
$ rollup -c
lerna info run Ran npm script 'cibuild_step1' in '@freesewing/plugin-bundle' in 2.8s:
$ rollup -c
lerna info run Ran npm script 'cibuild_step1' in '@freesewing/utils' in 4.9s:
$ rollup -c
lerna info run Ran npm script 'cibuild_step1' in 'gatsby-remark-jargon' in 2.1s:
$ rollup -c
lerna info run Ran npm script 'cibuild_step1' in '@freesewing/components' in 24.7s:
$ rollup -c
lerna info run Ran npm script 'cibuild_step1' in '@freesewing/aaron' in 2.7s:
$ rollup -c
lerna info run Ran npm script 'cibuild_step1' in '@freesewing/bent' in 2.7s:
$ rollup -c
lerna info run Ran npm script 'cibuild_step1' in '@freesewing/albert' in 2.8s:
$ rollup -c
lerna info run Ran npm script 'cibuild_step1' in '@freesewing/benjamin' in 2.8s:
$ rollup -c
lerna info run Ran npm script 'cibuild_step1' in '@freesewing/bella' in 3.0s:
$ rollup -c
lerna info run Ran npm script 'cibuild_step1' in '@freesewing/bee' in 3.1s:
$ rollup -c
lerna info run Ran npm script 'cibuild_step1' in '@freesewing/brian' in 3.1s:
$ rollup -c
lerna info run Ran npm script 'cibuild_step1' in '@freesewing/breanna' in 3.5s:
$ rollup -c
lerna info run Ran npm script 'cibuild_step1' in '@freesewing/carlita' in 3.1s:
$ rollup -c
lerna info run Ran npm script 'cibuild_step1' in '@freesewing/bruce' in 3.3s:
$ rollup -c
lerna info run Ran npm script 'cibuild_step1' in '@freesewing/diana' in 2.8s:
$ rollup -c
lerna info run Ran npm script 'cibuild_step1' in '@freesewing/cathrin' in 3.2s:
$ rollup -c
lerna info run Ran npm script 'cibuild_step1' in '@freesewing/charlie' in 3.7s:
$ rollup -c
lerna info run Ran npm script 'cibuild_step1' in '@freesewing/carlton' in 4.0s:
$ rollup -c
lerna info run Ran npm script 'cibuild_step1' in '@freesewing/cornelius' in 3.8s:
$ rollup -c
lerna info run Ran npm script 'cibuild_step1' in '@freesewing/examples' in 4.9s:
$ rollup -c
lerna info run Ran npm script 'cibuild_step1' in '@freesewing/florence' in 2.9s:
$ rollup -c
lerna info run Ran npm script 'cibuild_step1' in '@freesewing/holmes' in 3.1s:
$ rollup -c
lerna info run Ran npm script 'cibuild_step1' in '@freesewing/florent' in 3.3s:
$ rollup -c
lerna info run Ran npm script 'cibuild_step1' in '@freesewing/hortensia' in 3.4s:
$ rollup -c
lerna info run Ran npm script 'cibuild_step1' in '@freesewing/huey' in 3.1s:
$ rollup -c
lerna info run Ran npm script 'cibuild_step1' in '@freesewing/hugo' in 3.7s:
$ rollup -c
lerna info run Ran npm script 'cibuild_step1' in '@freesewing/jaeger' in 3.9s:
$ rollup -c
lerna info run Ran npm script 'cibuild_step1' in '@freesewing/lunetius' in 2.9s:
$ rollup -c
lerna info run Ran npm script 'cibuild_step1' in '@freesewing/legend' in 3.6s:
$ rollup -c
lerna info run Ran npm script 'cibuild_step1' in '@freesewing/paco' in 3.4s:
$ rollup -c
lerna info run Ran npm script 'cibuild_step1' in '@freesewing/penelope' in 3.4s:
$ rollup -c
lerna info run Ran npm script 'cibuild_step1' in '@freesewing/rendertest' in 3.2s:
$ rollup -c
lerna info run Ran npm script 'cibuild_step1' in '@freesewing/plugintest' in 3.7s:
$ rollup -c
lerna info run Ran npm script 'cibuild_step1' in '@freesewing/sandy' in 3.1s:
$ rollup -c
lerna info run Ran npm script 'cibuild_step1' in '@freesewing/shin' in 3.0s:
$ rollup -c
lerna info run Ran npm script 'cibuild_step1' in '@freesewing/simone' in 2.8s:
$ rollup -c
lerna info run Ran npm script 'cibuild_step1' in '@freesewing/sven' in 2.7s:
$ rollup -c
lerna info run Ran npm script 'cibuild_step1' in '@freesewing/tamiko' in 2.7s:
$ rollup -c
lerna info run Ran npm script 'cibuild_step1' in '@freesewing/teagan' in 2.7s:
$ rollup -c
lerna info run Ran npm script 'cibuild_step1' in '@freesewing/simon' in 4.2s:
$ rollup -c
lerna info run Ran npm script 'cibuild_step1' in '@freesewing/tiberius' in 2.7s:
$ rollup -c
lerna info run Ran npm script 'cibuild_step1' in '@freesewing/titan' in 3.0s:
$ rollup -c
lerna info run Ran npm script 'cibuild_step1' in '@freesewing/theo' in 3.9s:
$ rollup -c
lerna info run Ran npm script 'cibuild_step1' in '@freesewing/trayvon' in 3.0s:
$ rollup -c
lerna info run Ran npm script 'cibuild_step1' in '@freesewing/ursula' in 2.8s:
$ rollup -c
lerna info run Ran npm script 'cibuild_step1' in '@freesewing/tutorial' in 2.9s:
$ rollup -c
lerna info run Ran npm script 'cibuild_step1' in '@freesewing/walburga' in 2.4s:
$ rollup -c
lerna info run Ran npm script 'cibuild_step1' in '@freesewing/wahid' in 2.9s:
$ rollup -c
lerna info run Ran npm script 'cibuild_step1' in '@freesewing/waralee' in 2.4s:
$ rollup -c
lerna info run Ran npm script 'cibuild_step1' in '@freesewing/yuri' in 2.3s:
$ rollup -c
lerna success run Ran npm script 'cibuild_step1' in 80 packages in 43.9s:
lerna success - @freesewing/aaron
lerna success - @freesewing/albert
lerna success - @freesewing/bee
lerna success - @freesewing/bella
lerna success - @freesewing/benjamin
lerna success - @freesewing/bent
lerna success - @freesewing/breanna
lerna success - @freesewing/brian
lerna success - @freesewing/bruce
lerna success - @freesewing/carlita
lerna success - @freesewing/carlton
lerna success - @freesewing/cathrin
lerna success - @freesewing/charlie
lerna success - @freesewing/components
lerna success - @freesewing/core
lerna success - @freesewing/cornelius
lerna success - @freesewing/css-theme
lerna success - @freesewing/diana
lerna success - @freesewing/examples
lerna success - @freesewing/florence
lerna success - @freesewing/florent
lerna success - gatsby-remark-jargon
lerna success - @freesewing/holmes
lerna success - @freesewing/hortensia
lerna success - @freesewing/huey
lerna success - @freesewing/hugo
lerna success - @freesewing/i18n
lerna success - @freesewing/jaeger
lerna success - @freesewing/legend
lerna success - @freesewing/lunetius
lerna success - @freesewing/models
lerna success - @freesewing/mui-theme
lerna success - @freesewing/paco
lerna success - @freesewing/penelope
lerna success - @freesewing/plugin-banner
lerna success - @freesewing/plugin-bartack
lerna success - @freesewing/plugin-bundle
lerna success - @freesewing/plugin-bust
lerna success - @freesewing/plugin-buttons
lerna success - @freesewing/plugin-cutonfold
lerna success - @freesewing/plugin-dimension
lerna success - @freesewing/plugin-export-dxf
lerna success - @freesewing/plugin-flip
lerna success - @freesewing/plugin-gore
lerna success - @freesewing/plugin-grainline
lerna success - @freesewing/plugin-i18n
lerna success - @freesewing/plugin-logo
lerna success - @freesewing/plugin-measurements
lerna success - @freesewing/plugin-mirror
lerna success - @freesewing/plugin-notches
lerna success - @freesewing/plugin-round
lerna success - @freesewing/plugin-scalebox
lerna success - @freesewing/plugin-sprinkle
lerna success - @freesewing/plugin-svgattr
lerna success - @freesewing/plugin-theme
lerna success - @freesewing/plugin-title
lerna success - @freesewing/plugin-validate
lerna success - @freesewing/plugin-versionfree-svg
lerna success - @freesewing/plugintest
lerna success - remark-jargon
lerna success - @freesewing/rendertest
lerna success - @freesewing/sandy
lerna success - @freesewing/shin
lerna success - @freesewing/simon
lerna success - @freesewing/simone
lerna success - @freesewing/snapseries
lerna success - @freesewing/sven
lerna success - @freesewing/tamiko
lerna success - @freesewing/teagan
lerna success - @freesewing/theo
lerna success - @freesewing/tiberius
lerna success - @freesewing/titan
lerna success - @freesewing/trayvon
lerna success - @freesewing/tutorial
lerna success - @freesewing/ursula
lerna success - @freesewing/utils
lerna success - @freesewing/wahid
lerna success - @freesewing/walburga
lerna success - @freesewing/waralee
lerna success - @freesewing/yuri
lerna notice cli v4.0.0
lerna info Executing command in 2 packages: "yarn run cibuild_step2"
lerna info run Ran npm script 'cibuild_step2' in '@freesewing/pattern-info' in 1.9s:
$ node src/prebuild.js && rollup -c
lerna info run Ran npm script 'cibuild_step2' in '@freesewing/components' in 12.5s:
$ rollup -c
lerna success run Ran npm script 'cibuild_step2' in 2 packages in 12.5s:
lerna success - @freesewing/components
lerna success - @freesewing/pattern-info
Done in 597.47s.

yarn install v1.22.15os\GitHub\freesewing>cd packages/freesewing.dev
warning package-lock.json found. Your project contains lock files generated by tools other than Yarn. It is advised not to mix package managers in order to avoid resolution inconsistencies caused by unsynchronized lock files. To clear this warning, remove package-lock.json.
[1/4] Resolving packages...
success Already up-to-date.
warning Your current version of Yarn is out of date. The latest version is "1.22.17", while you're on "1.22.15".
info To upgrade, run the following command:
$ curl --compressed -o- -L https://yarnpkg.com/install.sh | bash
Done in 2.63s.

D:\AltUsers\lydia\repos\GitHub\freesewing\packages\freesewing.dev>yarn prebuild
yarn run v1.22.15
$ SITE=dev node ../freesewing.shared/prebuild/index.mjs
'SITE' is not recognized as an internal or external command,
operable program or batch file.
error Command failed with exit code 1.
info Visit https://yarnpkg.com/en/docs/cli/run for documentation about this command.

D:\AltUsers\lydia\repos\GitHub\freesewing\packages\freesewing.dev>curl --compressed -o- -L https://yarnpkg.com/install.sh | bash
'bash' is not recognized as an internal or external command,
operable program or batch file.

D:\AltUsers\lydia\repos\GitHub\freesewing\packages\freesewing.dev>yarn install
yarn install v1.22.15
warning package-lock.json found. Your project contains lock files generated by tools other than Yarn. It is advised not to mix package managers in order to avoid resolution inconsistencies caused by unsynchronized lock files. To clear this warning, remove package-lock.json.
[1/4] Resolving packages...
success Already up-to-date.
Done in 2.54s.

D:\AltUsers\lydia\repos\GitHub\freesewing\packages\freesewing.dev>yarn prebuild
yarn run v1.22.15
$ SITE=dev node ../freesewing.shared/prebuild/index.mjs
'SITE' is not recognized as an internal or external command,
operable program or batch file.
error Command failed with exit code 1.
info Visit https://yarnpkg.com/en/docs/cli/run for documentation about this command.

D:\AltUsers\lydia\repos\GitHub\freesewing\packages\freesewing.dev>